{
  "rows": 17,
  "cases": [
    {
      "id": "periodic-padang19s-l12",
      "tauStart": -3.3999999999999986,
      "tauStep": 0.02499999999999858,
      "touchdown": 0.9750000000000014,
      "frameCount": 176
    },
    {
      "id": "pad19-a20-l12",
      "tauStart": -2.9014705859401566,
      "tauStep": 0.02499999999999858,
      "touchdown": 0.6985294140598448,
      "frameCount": 145
    },
    {
      "id": "pad19-a30-l12",
      "tauStart": -2.741158951785856,
      "tauStep": 0.02499999999999858,
      "touchdown": 1.1838410482141448,
      "frameCount": 158
    },
    {
      "id": "pad19-a45-l12",
      "tauStart": -2.6812685708062567,
      "tauStep": 0.025000000000000355,
      "touchdown": 1.368731429193744,
      "frameCount": 163
    }
  ],
  "inspection": {
    "file": "/private/tmp/tube-shared-leaf-residual-analysis-20261005/inspection.json",
    "bytes": 67124,
    "sha256": "49a696222f303feacf109d2127ea56bf4fc1dd4632976b90524544b4e0088fb2"
  },
  "selected": [
    {
      "x": 73.5,
      "bend": 32.641760584661014,
      "error": [
        0.0,
        0.0,
        0.0
      ],
      "tau": 1.033290751996491,
      "g": 1,
      "frames": [
        144,
        144.94274023353466
      ],
      "W": 0.307534396648407,
      "H": 0.28921476379036903,
      "requested": -0.0,
      "bounded": -0.0,
      "budget": 0.005119744377881966
    },
    {
      "x": 73.75,
      "bend": 3.993594300014757,
      "error": [
        0.0,
        0.0,
        0.0
      ],
      "tau": 0.9875757330188313,
      "g": 1,
      "frames": [
        144,
        144.92686849649334
      ],
      "W": 0.3075529932975769,
      "H": 0.289142444729805,
      "requested": -0.0,
      "bounded": -0.0,
      "budget": 0.0051168748635018425
    },
    {
      "x": 74,
      "bend": 9.837934242763321,
      "error": [
        0.0,
        0.0,
        0.0
      ],
      "tau": 0.9418607140411718,
      "g": 1,
      "frames": [
        144,
        144.91099675945205
      ],
      "W": 0.3075714707374573,
      "H": 0.2890700586140156,
      "requested": 0.0,
      "bounded": 0.0,
      "budget": 0.0051140059458016475
    },
    {
      "x": 74.125,
      "bend": 14.312849545046184,
      "error": [
        0.0,
        0.0,
        0.0
      ],
      "tau": 0.919003204552342,
      "g": 1,
      "frames": [
        144,
        144.90306089093139
      ],
      "W": 0.30758070945739746,
      "H": 0.28903388790786266,
      "requested": 0.0,
      "bounded": 0.0,
      "budget": 0.005112572647447233
    },
    {
      "x": 74.25,
      "bend": 26.060732444770846,
      "error": [
        0.0,
        0.0,
        0.0
      ],
      "tau": 0.8961456950635123,
      "g": 1,
      "frames": [
        144,
        144.89512502241075
      ],
      "W": 0.3075900077819824,
      "H": 0.28899769484996796,
      "requested": 0.0,
      "bounded": 0.0,
      "budget": 0.0051111378142751395
    },
    {
      "x": 74.5,
      "bend": 3.1653852206564763,
      "error": [
        0.0,
        0.0,
        0.0
      ],
      "tau": 0.8504306760858527,
      "g": 1,
      "frames": [
        144,
        143.6635851148765
      ],
      "W": 0.30906546115875244,
      "H": 0.28968191891908646,
      "requested": 0.00036675480047168276,
      "bounded": 0.00034219862610222746,
      "budget": 0.005110852649503732
    },
    {
      "x": 74.75,
      "bend": 5.240280862866757,
      "error": [
        0.0,
        1.1920928955078125e-07,
        0.0
      ],
      "tau": 0.8047156571081931,
      "g": 1,
      "frames": [
        144,
        141.83498435577002
      ],
      "W": 0.31128621101379395,
      "H": 0.29089783132076263,
      "requested": -0.0007404384823197173,
      "bounded": -0.0006468409596634843,
      "budget": 0.0051170792226471916
    },
    {
      "x": 75,
      "bend": 20.841526022520807,
      "error": [
        0.0,
        0.0,
        0.0
      ],
      "tau": 0.7590006381305336,
      "g": 1,
      "frames": [
        144,
        140.00638359666354
      ],
      "W": 0.30764979124069214,
      "H": 0.2913697473704815,
      "requested": 0.001070845556739176,
      "bounded": 0.0008878176661368245,
      "budget": 0.005194375566741895
    },
    {
      "x": 75.25,
      "bend": 5.14749727238837,
      "error": [
        0.0,
        0.0,
        0.0
      ],
      "tau": 0.7067514415101626,
      "g": 1,
      "frames": [
        144,
        137.91641573184856
      ],
      "W": 0.31200194358825684,
      "H": 0.29294395446777344,
      "requested": 1.5766164037667284e-05,
      "bounded": 1.5718298962148685e-05,
      "budget": 0.0051774133257982335
    },
    {
      "x": 75.375,
      "bend": 19.51639919400452,
      "error": [
        0.0,
        0.0,
        0.0
      ],
      "tau": 0.680626843199977,
      "g": 1,
      "frames": [
        143.2838971656135,
        136.8714317994411
      ],
      "W": 0.3120422959327698,
      "H": 0.2931856997311115,
      "requested": 1.088200477683884e-05,
      "bounded": 1.0859215308324406e-05,
      "budget": 0.005185291301684387
    },
    {
      "x": 75.5,
      "bend": 7.040954080619859,
      "error": [
        0.0,
        0.0,
        0.0
      ],
      "tau": 0.6545022448897915,
      "g": 1,
      "frames": [
        142.238913233206,
        135.8264478670336
      ],
      "W": 0.3183993101119995,
      "H": 0.29445795714855194,
      "requested": -0.0001046986208658254,
      "bounded": -0.00010260293957579197,
      "budget": 0.005125963724280633
    },
    {
      "x": 75.625,
      "bend": 21.479273974306263,
      "error": [
        0.0,
        0.0,
        0.0
      ],
      "tau": 0.6283776465796059,
      "g": 1,
      "frames": [
        141.19392930079852,
        134.78146393462612
      ],
      "W": 0.32377761602401733,
      "H": 0.2957967668771744,
      "requested": -0.0019373276109993407,
      "bounded": -0.0014029892713012856,
      "budget": 0.0050867580543888105
    },
    {
      "x": 75.75,
      "bend": 21.970766407809982,
      "error": [
        0.0,
        0.0,
        0.0
      ],
      "tau": 0.6022530482694204,
      "g": 1,
      "frames": [
        140.14894536839105,
        133.73648000221866
      ],
      "W": 0.31749409437179565,
      "H": 0.295951459556818,
      "requested": 0.002715586786963234,
      "bounded": 0.0017831136437519795,
      "budget": 0.005192857173292044
    },
    {
      "x": 76,
      "bend": 7.221472128533923,
      "error": [
        0.0,
        1.1920928955078125e-07,
        0.0
      ],
      "tau": 0.5500038516490492,
      "g": 1,
      "frames": [
        138.05897750357607,
        131.6465121374037
      ],
      "W": 0.32812902331352234,
      "H": 0.29832838848233223,
      "requested": -0.0004524122607128989,
      "bounded": -0.00041558661720723336,
      "budget": 0.005105585758028223
    },
    {
      "x": 76.25,
      "bend": 11.598891321636541,
      "error": [
        0.0,
        1.1920928955078125e-07,
        0.0
      ],
      "tau": 0.49775465502867816,
      "g": 1,
      "frames": [
        135.96900963876112,
        129.55654427258872
      ],
      "W": 0.33032193779945374,
      "H": 0.30001357942819595,
      "requested": 0.001820544437740144,
      "bounded": 0.0013436340185556525,
      "budget": 0.0051291507596390885
    },
    {
      "x": 76.375,
      "bend": 27.708572725576445,
      "error": [
        0.0,
        0.0,
        0.0
      ],
      "tau": 0.4716300567184926,
      "g": 1,
      "frames": [
        134.92402570635363,
        128.51156034018126
      ],
      "W": 0.3392573595046997,
      "H": 0.30168337002396584,
      "requested": -0.0034119927813506838,
      "bounded": -0.00203619812956553,
      "budget": 0.005049803988162531
    },
    {
      "x": 76.5,
      "bend": 14.377297022265871,
      "error": [
        0.0,
        -1.1920928955078125e-07,
        0.0
      ],
      "tau": 0.445505458408307,
      "g": 1,
      "frames": [
        133.87904177394617,
        127.46657640777377
      ],
      "W": 0.3324216306209564,
      "H": 0.30164748802781105,
      "requested": 0.001470341256811635,
      "bounded": 0.0011439058742946813,
      "budget": 0.005152419409673831
    }
  ]
}
