
> surfing-game@0.1.0 build
> tsc -b && vite build

vite v8.3.1 building client environment for production...
transforming...
✓ 257 modules transformed.
rendering chunks...
computing gzip size...
dist/build.json                           0.04 kB │ gzip:   0.06 kB
dist/index.html                           1.62 kB │ gzip:   0.62 kB
dist/assets/surfZoneWorker-C2owdEvZ.js  495.83 kB
dist/assets/index-DA8NEfOT.css           33.21 kB │ gzip:   7.32 kB
dist/assets/devStepping-BfI-paiv.js       0.32 kB │ gzip:   0.25 kB
dist/assets/particleBench-CB0cGxjE.js    10.70 kB │ gzip:   4.44 kB
dist/assets/waterSheet-DhKKK1CK.js       11.68 kB │ gzip:   5.35 kB
dist/assets/jevRecorder-DpV7V_Iw.js      15.91 kB │ gzip:   6.65 kB
dist/assets/rideRecorder-BOoDNCG4.js     41.13 kB │ gzip:  13.40 kB
dist/assets/index-_tboaWI1.js           586.02 kB │ gzip: 161.86 kB
dist/assets/WorkerSurfZone-D2QWsEkT.js  916.49 kB │ gzip: 285.32 kB

[plugin builtin:vite-reporter] 
(!) Some chunks are larger than 500 kB after minification. Consider:
- Using dynamic import() to code-split the application
- Use build.rolldownOptions.output.codeSplitting to improve chunking: https://rolldown.rs/reference/OutputOptions.codeSplitting
- Adjust chunk size limit for this warning via build.chunkSizeWarningLimit.
✓ built in 811ms
