
> surfing-game@0.1.0 build
> tsc -b && vite build

vite v8.3.1 building client environment for production...
transforming...
✓ 255 modules transformed.
rendering chunks...
computing gzip size...
dist/build.json                           0.02 kB │ gzip:   0.04 kB
dist/index.html                           1.62 kB │ gzip:   0.62 kB
dist/assets/surfZoneWorker-D-FHaQmW.js  485.29 kB
dist/assets/index-DA8NEfOT.css           33.21 kB │ gzip:   7.32 kB
dist/assets/devStepping-DQluPBY8.js       0.32 kB │ gzip:   0.25 kB
dist/assets/particleBench-CPw-o0Vf.js    10.70 kB │ gzip:   4.44 kB
dist/assets/waterSheet-B074g3rJ.js       11.68 kB │ gzip:   5.35 kB
dist/assets/jevRecorder-DEnt428A.js      15.91 kB │ gzip:   6.65 kB
dist/assets/rideRecorder--ZltOnlR.js     41.10 kB │ gzip:  13.40 kB
dist/assets/index-jNQ_ScA6.js           582.37 kB │ gzip: 160.72 kB
dist/assets/WorkerSurfZone-Cx_vCgJs.js  904.11 kB │ gzip: 280.93 kB

✓ built in 1.26s
[plugin builtin:vite-reporter] 
(!) Some chunks are larger than 500 kB after minification. Consider:
- Using dynamic import() to code-split the application
- Use build.rolldownOptions.output.codeSplitting to improve chunking: https://rolldown.rs/reference/OutputOptions.codeSplitting
- Adjust chunk size limit for this warning via build.chunkSizeWarningLimit.
