
> surfing-game@0.1.0 test
> vitest run src/wave/barrel/boundedCLeafReach.test.ts -t keeps the original leaf domain


 RUN  v5.0.1 /Users/regina/Desktop/Projects/surfing-game

 ❯ src/wave/barrel/boundedCLeafReach.test.ts (9 tests | 1 failed | 8 skipped) 23ms
   ❯ shared bounded-C leaf reach (9)
     × keeps the original leaf domain under extreme reach corrections 21ms

⎯⎯⎯⎯⎯⎯⎯ Failed Tests 1 ⎯⎯⎯⎯⎯⎯⎯

 FAIL  src/wave/barrel/boundedCLeafReach.test.ts > shared bounded-C leaf reach > keeps the original leaf domain under extreme reach corrections
AssertionError: expected 0.844531238079071 to be greater than or equal to 0.8499998
 ❯ src/wave/barrel/boundedCLeafReach.test.ts:143:49
    141|       sampleBoundedC({ ...controls, leafWidthDelta: requested }, final…
    142|       // The existing thickness/curvature bound assumes this minimum o…
    143|       expect(final[2 * 60] - controls.crest[0]).toBeGreaterThanOrEqual…
       |                                                 ^
    144|       expect(final[2 * 60]).toBeLessThan(controls.toe[0]);
    145|       expect(final.every(Number.isFinite)).toBe(true);

⎯⎯⎯⎯⎯⎯⎯⎯⎯⎯⎯⎯⎯⎯⎯⎯⎯⎯⎯⎯⎯⎯⎯⎯[1/1]⎯


 Test Files  1 failed (1)
      Tests  1 failed | 8 skipped (9)
   Start at  16:37:59
   Duration  908ms (transform 69%, import 27%, tests 3%, worker 1%)

