
> surfing-game@0.1.0 build
> tsc -b && vite build

vite v8.3.1 building client environment for production...
transforming...
✓ 249 modules transformed.
rendering chunks...
computing gzip size...
dist/build.json                           0.02 kB │ gzip:   0.04 kB
dist/index.html                           1.62 kB │ gzip:   0.62 kB
dist/assets/surfZoneWorker-gVTILj2Q.js  442.02 kB
dist/assets/index-DA8NEfOT.css           33.21 kB │ gzip:   7.32 kB
dist/assets/devStepping-C4ssK5Wh.js       0.32 kB │ gzip:   0.25 kB
dist/assets/particleBench-BKUUa6eD.js    10.70 kB │ gzip:   4.44 kB
dist/assets/waterSheet-B7Sm1p0h.js       11.68 kB │ gzip:   5.35 kB
dist/assets/jevRecorder-Dv6Lvk7z.js      15.91 kB │ gzip:   6.65 kB
dist/assets/rideRecorder-B2XCzEbD.js     41.10 kB │ gzip:  13.39 kB
dist/assets/index-D9C8GqAy.js           582.42 kB │ gzip: 160.70 kB
dist/assets/WorkerSurfZone-Ciaa3tIB.js  853.21 kB │ gzip: 264.23 kB

✓ built in 434ms
[plugin builtin:vite-reporter] 
(!) Some chunks are larger than 500 kB after minification. Consider:
- Using dynamic import() to code-split the application
- Use build.rolldownOptions.output.codeSplitting to improve chunking: https://rolldown.rs/reference/OutputOptions.codeSplitting
- Adjust chunk size limit for this warning via build.chunkSizeWarningLimit.
