"GET /?diagnostics HTTP/1.1" 200 -
"GET /assets/index-W__l9UCc.js HTTP/1.1" 200 -
"GET /assets/index-DA8NEfOT.css HTTP/1.1" 200 -
"GET /assets/WorkerSurfZone--BH511sE.js HTTP/1.1" 200 -
"GET /assets/skies/skies.json HTTP/1.1" 200 -
"GET /assets/surfZoneWorker-B7Pmc3Uy.js HTTP/1.1" 200 -
"GET /assets/surfers/surfer1.glb HTTP/1.1" 200 -
"GET /assets/skies/qwantani_sunset_puresky.jpg HTTP/1.1" 200 -
code 404, message Not Found
"GET /favicon.ico HTTP/1.1" 404 -
"GET /assets/skies/qwantani_sunset_puresky_1k.hdr HTTP/1.1" 200 -
"GET /?diagnostics HTTP/1.1" 200 -
"GET /assets/index-DA8NEfOT.css HTTP/1.1" 200 -
"GET /assets/index-W__l9UCc.js HTTP/1.1" 200 -
"GET /assets/WorkerSurfZone--BH511sE.js HTTP/1.1" 200 -
"GET /assets/skies/skies.json HTTP/1.1" 200 -
"GET /assets/surfers/surfer1.glb HTTP/1.1" 200 -
"GET /assets/surfZoneWorker-B7Pmc3Uy.js HTTP/1.1" 200 -
"GET /assets/skies/qwantani_sunset_puresky.jpg HTTP/1.1" 200 -
"GET /assets/skies/qwantani_sunset_puresky_1k.hdr HTTP/1.1" 200 -
"GET /barrels/pad19-a20-l12.bin HTTP/1.1" 200 -
"GET /barrels/periodic-padang19s-l12.bin HTTP/1.1" 200 -
"GET /barrels/pad19-a30-l12.bin HTTP/1.1" 200 -
"GET /barrels/pad19-a45-l12.bin HTTP/1.1" 200 -
"GET /assets/surfZoneWorker-B7Pmc3Uy.js HTTP/1.1" 200 -
"GET /assets/skies/kloofendal_48d_partly_cloudy_puresky.jpg HTTP/1.1" 200 -
"GET /assets/skies/kloofendal_48d_partly_cloudy_puresky_1k.hdr HTTP/1.1" 200 -
"GET /diagnostic-autopilot.mjs HTTP/1.1" 200 -
{"progressSteps":120,"phase":"prone","entry":false,"target":"no-qualified-opening","targetFront":null,"detectorMs":422.9999995827675}
{"progressSteps":240,"phase":"prone","entry":false,"target":"no-qualified-opening","targetFront":null,"detectorMs":792.0999991893768}
{"progressSteps":360,"phase":"prone","entry":false,"target":"no-qualified-opening","targetFront":null,"detectorMs":1191.4999994635582}
{"progressSteps":480,"phase":"prone","entry":false,"target":"no-qualified-opening","targetFront":null,"detectorMs":1873.9999991059303}
