
> surfing-game@0.1.0 build
> tsc -b && vite build

vite v8.3.1 building client environment for production...
transforming...
✓ 257 modules transformed.
rendering chunks...
computing gzip size...
dist/build.json                           0.04 kB │ gzip:   0.06 kB
dist/index.html                           1.62 kB │ gzip:   0.62 kB
dist/assets/surfZoneWorker-C2owdEvZ.js  495.83 kB
dist/assets/index-DA8NEfOT.css           33.21 kB │ gzip:   7.32 kB
dist/assets/devStepping-BQ4BPVrx.js       0.32 kB │ gzip:   0.25 kB
dist/assets/particleBench-CP4uOKgJ.js    10.70 kB │ gzip:   4.44 kB
dist/assets/waterSheet-DOdvoSqg.js       11.68 kB │ gzip:   5.35 kB
dist/assets/jevRecorder-ChiQFARA.js      15.91 kB │ gzip:   6.65 kB
dist/assets/rideRecorder-n2dIVP26.js     41.13 kB │ gzip:  13.40 kB
dist/assets/index-WRkJL0Rz.js           586.13 kB │ gzip: 161.87 kB
dist/assets/WorkerSurfZone-DWmy4g23.js  916.91 kB │ gzip: 285.42 kB

✓ built in 1.11s
[plugin builtin:vite-reporter] 
(!) Some chunks are larger than 500 kB after minification. Consider:
- Using dynamic import() to code-split the application
- Use build.rolldownOptions.output.codeSplitting to improve chunking: https://rolldown.rs/reference/OutputOptions.codeSplitting
- Adjust chunk size limit for this warning via build.chunkSizeWarningLimit.
