
 RUN  v5.0.1 /private/tmp/tube-bounded-c-shared-seam-20261004/source

 × src/wave/barrel/sharedUpperRoot.test.ts > coupled upper-root shared sampling experiment > evaluates all6447 original/precision queries without new crossings, missing domains or hidden limits 2643ms
   → expected { count: 96, first: { …(7) } } to deeply equal { count: +0, first: undefined }
 ↓ src/wave/barrel/sharedUpperRoot.test.ts > coupled upper-root shared sampling experiment > repairs the exact retained Reef column without changing its input/time/water/weights
 ↓ src/wave/barrel/sharedUpperRoot.test.ts > coupled upper-root shared sampling experiment > shares actual paired triangle footprints and deferred projected datum across straight/curved adjacent-age rows

⎯⎯⎯⎯⎯⎯⎯ Failed Tests 1 ⎯⎯⎯⎯⎯⎯⎯

 FAIL  src/wave/barrel/sharedUpperRoot.test.ts > coupled upper-root shared sampling experiment > evaluates all6447 original/precision queries without new crossings, missing domains or hidden limits
AssertionError: expected { count: 96, first: { …(7) } } to deeply equal { count: +0, first: undefined }

- Expected
+ Received

  {
-   "count": 0,
-   "first": undefined,
+   "count": 96,
+   "first": {
+     "after": [
+       -1.7080249786376953,
+       0.02806999906897545,
+       -1.6433897018432617,
+       0.034267500042915344,
+       -1.5787124633789062,
+       0.03940249979496002,
+       -1.5140323638916016,
+       0.04463999718427658,
+       -1.4494142532348633,
+       0.051045000553131104,
+       -1.3848819732666016,
+       0.05810000002384186,
+       -1.320206642150879,
+       0.06251750141382217,
+       -1.2555150985717773,
+       0.06631000339984894,
+       -1.1909847259521484,
+       0.0692949965596199,
+       -1.1271705627441406,
+       0.0733875036239624,
+       -1.0704669952392578,
+       0.08003000169992447,
+       -1.0056571960449219,
+       0.08297500014305115,
+       -0.9415197372436523,
+       0.08422999829053879,
+       -0.8802947998046875,
+       0.09487749636173248,
+       -0.8173847198486328,
+       0.1064700037240982,
+       -0.7549018859863281,
+       0.11507999897003174,
+       -0.6913728713989258,
+       0.12159000337123871,
+       -0.6270866394042969,
+       0.127872496843338,
+       -0.5628376007080078,
+       0.13701249659061432,
+       -0.49793529510498047,
+       0.13606999814510345,
+       -0.43320751190185547,
+       0.13144999742507935,
+       -0.36884403228759766,
+       0.12465750426054001,
+       -0.3054351806640625,
+       0.11145000159740448,
+       -0.2510643005371094,
+       0.12474749982357025,
+       -0.18731975555419922,
+       0.1288374960422516,
+       -0.1234292984008789,
+       0.12462499737739563,
+       -0.0797719955444336,
+       0.11475250124931335,
+       -0.019614219665527344,
+       0.13732250034809113,
+       0.03713035583496094,
+       0.1673000007867813,
+       0.09548759460449219,
+       0.19455499947071075,
+       0.1563129425048828,
+       0.21658000349998474,
+       0.2194986343383789,
+       0.23139750957489014,
+       0.2841758728027344,
+       0.2365799993276596,
+       0.30907896161079407,
+       0.23822021484375,
+       0.33398208022117615,
+       0.23980560898780823,
+       0.35888516902923584,
+       0.24074044823646545,
+       0.3837882876396179,
+       0.24154694378376007,
+       0.4086913764476776,
+       0.24178408086299896,
+       0.4335944652557373,
+       0.24179813265800476,
+       0.4584975838661194,
+       0.24134206771850586,
+       0.4834006726741791,
+       0.24054379761219025,
+       0.48417535424232483,
+       0.2405080795288086,
+       0.48646676540374756,
+       0.2404024451971054,
+       0.4901783764362335,
+       0.24023132026195526,
+       0.49515390396118164,
+       0.24000191688537598,
+       0.501183807849884,
+       0.23972390592098236,
+       0.5080140829086304,
+       0.23940899968147278,
+       0.5153571367263794,
+       0.23907044529914856,
+       0.5229036211967468,
+       0.23852024972438812,
+       0.5711057186126709,
+       0.23461806774139404,
+       0.6193078756332397,
+       0.22918888926506042,
+       0.6675099730491638,
+       0.22216705977916718,
+       0.7157120704650879,
+       0.21346701681613922,
+       0.763914167881012,
+       0.20281273126602173,
+       0.812116265296936,
+       0.1899508386850357,
+       0.8603184223175049,
+       0.1748502552509308,
+       0.908520519733429,
+       0.15650668740272522,
+       0.956722617149353,
+       0.13448269665241241,
+       1.0049247741699219,
+       0.10690092295408249,
+       1.0531268119812012,
+       0.06973902136087418,
+       1.10132896900177,
+       -0.02159000188112259,
+       1.1011077165603638,
+       -0.023473503068089485,
+       1.1001451015472412,
+       -0.02510753832757473,
+       1.0986050367355347,
+       -0.026214193552732468,
+       1.0967494249343872,
+       -0.02660524845123291,
+       1.0950864553451538,
+       -0.026294033974409103,
+       1.0936485528945923,
+       -0.02540251612663269,
+       1.092630386352539,
+       -0.02405136451125145,
+       1.0921697616577148,
+       -0.022423462942242622,
+       1.0753588676452637,
+       0.028965111821889877,
+       1.0391103029251099,
+       0.0698033794760704,
+       0.9950900673866272,
+       0.10237431526184082,
+       0.9472163319587708,
+       0.1290435940027237,
+       0.8971067070960999,
+       0.1512538492679596,
+       0.8455917835235596,
+       0.16998028755187988,
+       0.7931233644485474,
+       0.1858663707971573,
+       0.7398693561553955,
+       0.19888252019882202,
+       0.6861308217048645,
+       0.2097293734550476,
+       0.6319759488105774,
+       0.21825723350048065,
+       0.5775350332260132,
+       0.2247164100408554,
+       0.5229036211967468,
+       0.22929807007312775,
+       0.5153571367263794,
+       0.2290796935558319,
+       0.5080140829086304,
+       0.2273254096508026,
+       0.501183807849884,
+       0.22410906851291656,
+       0.49515390396118164,
+       0.21956613659858704,
+       0.4901783764362335,
+       0.21388794481754303,
+       0.48646676540374756,
+       0.2073136270046234,
+       0.48417535424232483,
+       0.20012007653713226,
+       0.4834006726741791,
+       0.1926102489233017,
+       0.4834006726741791,
+       0.13945595920085907,
+       0.4834006726741791,
+       0.08630168437957764,
+       0.4834006726741791,
+       0.033147409558296204,
+       0.4834006726741791,
+       -0.020006870850920677,
+       0.4862010180950165,
+       -0.03408508002758026,
+       0.49417567253112793,
+       -0.046020008623600006,
+       0.5061106085777283,
+       -0.05399467051029205,
+       0.5201888084411621,
+       -0.05679500102996826,
+       0.6147462725639343,
+       -0.05679500102996826,
+       0.7093036770820618,
+       -0.05679500102996826,
+       0.803861141204834,
+       -0.05679500102996826,
+       0.8984185457229614,
+       -0.05679500102996826,
+       0.9929760098457336,
+       -0.05679500102996826,
+       1.0875334739685059,
+       -0.05679500102996826,
+       1.0921319723129272,
+       -0.05679500102996826,
+       1.0967304706573486,
+       -0.05679500102996826,
+       1.10132896900177,
+       -0.05679500102996826,
+       1.1059274673461914,
+       -0.05679500102996826,
+       1.111068844795227,
+       -0.056803129613399506,
+       1.1162101030349731,
+       -0.05682101100683212,
+       1.1213514804840088,
+       -0.05683889240026474,
+       1.1264928579330444,
+       -0.056847020983695984,
+       1.131633996963501,
+       -0.05683564394712448,
+       1.136775016784668,
+       -0.05679500102996826,
+       1.2039756774902344,
+       -0.056029997766017914,
+       1.271164894104004,
+       -0.054954998195171356,
+       1.3383550643920898,
+       -0.0537324994802475,
+       1.405538558959961,
+       -0.052457500249147415,
+       1.4727249145507812,
+       -0.051157500594854355,
+       1.5399150848388672,
+       -0.04979000240564346,
+       1.6070976257324219,
+       -0.04834499955177307,
+       1.6742849349975586,
+       -0.046939998865127563,
+       1.7414684295654297,
+       -0.045432500541210175,
+       1.8086557388305664,
+       -0.04399750009179115,
+       1.8758354187011719,
+       -0.04255500063300133,
+       1.9430255889892578,
+       -0.041087500751018524,
+       2.0102052688598633,
+       -0.03958750143647194,
+       2.077395439147949,
+       -0.038122501224279404,
+       2.1445751190185547,
+       -0.03663500025868416,
+     ],
+     "before": [
+       -1.7080249786376953,
+       0.02806999906897545,
+       -1.6433897018432617,
+       0.034267500042915344,
+       -1.5787124633789062,
+       0.03940249979496002,
+       -1.5140323638916016,
+       0.04463999718427658,
+       -1.4494142532348633,
+       0.051045000553131104,
+       -1.3848819732666016,
+       0.05810000002384186,
+       -1.320206642150879,
+       0.06251750141382217,
+       -1.2555150985717773,
+       0.06631000339984894,
+       -1.1909847259521484,
+       0.0692949965596199,
+       -1.1271705627441406,
+       0.0733875036239624,
+       -1.0704669952392578,
+       0.08003000169992447,
+       -1.0056571960449219,
+       0.08297500014305115,
+       -0.9415197372436523,
+       0.08422999829053879,
+       -0.8802947998046875,
+       0.09487749636173248,
+       -0.8173847198486328,
+       0.1064700037240982,
+       -0.7549018859863281,
+       0.11507999897003174,
+       -0.6913728713989258,
+       0.12159000337123871,
+       -0.6270866394042969,
+       0.127872496843338,
+       -0.5628376007080078,
+       0.13701249659061432,
+       -0.49793529510498047,
+       0.13606999814510345,
+       -0.43320751190185547,
+       0.13144999742507935,
+       -0.36884403228759766,
+       0.12465750426054001,
+       -0.3054351806640625,
+       0.11145000159740448,
+       -0.2510643005371094,
+       0.12474749982357025,
+       -0.18731975555419922,
+       0.1288374960422516,
+       -0.1234292984008789,
+       0.12462499737739563,
+       -0.0797719955444336,
+       0.11475250124931335,
+       -0.019614219665527344,
+       0.13732250034809113,
+       0.03713035583496094,
+       0.1673000007867813,
+       0.09548759460449219,
+       0.19455499947071075,
+       0.1563129425048828,
+       0.21658000349998474,
+       0.2194986343383789,
+       0.23139750957489014,
+       0.2841758728027344,
+       0.2365799993276596,
+       0.33204618096351624,
+       0.23973293602466583,
+       0.3792067766189575,
+       0.24150331318378448,
+       0.42557984590530396,
+       0.24194490909576416,
+       0.47108757495880127,
+       0.24111150205135345,
+       0.5156521201133728,
+       0.23905684053897858,
+       0.5591956973075867,
+       0.23583470284938812,
+       0.6016404628753662,
+       0.23149888217449188,
+       0.6429085731506348,
+       0.22610312700271606,
+       0.6829221844673157,
+       0.21970120072364807,
+       0.7216035723686218,
+       0.2123468965291977,
+       0.758874773979187,
+       0.20409397780895233,
+       0.7946581244468689,
+       0.19499622285366058,
+       0.8288756608963013,
+       0.18510738015174866,
+       0.861449658870697,
+       0.17448122799396515,
+       0.8923022747039795,
+       0.16317155957221985,
+       0.9213556051254272,
+       0.15123210847377777,
+       0.9485319256782532,
+       0.1387166827917099,
+       0.9737533926963806,
+       0.12567903101444244,
+       0.9969421029090881,
+       0.112172931432724,
+       1.0180203914642334,
+       0.09825215488672256,
+       1.0369102954864502,
+       0.08397046476602554,
+       1.0535340309143066,
+       0.06938164681196213,
+       1.067813754081726,
+       0.054539453238248825,
+       1.0796717405319214,
+       0.03949766978621483,
+       1.0890300273895264,
+       0.02431006170809269,
+       1.095810890197754,
+       0.009030398912727833,
+       1.0999364852905273,
+       -0.0062875449657440186,
+       1.10132896900177,
+       -0.02159000188112259,
+       1.1011077165603638,
+       -0.023473503068089485,
+       1.1001451015472412,
+       -0.02510753832757473,
+       1.0986050367355347,
+       -0.026214193552732468,
+       1.0967494249343872,
+       -0.02660524845123291,
+       1.0950864553451538,
+       -0.026294033974409103,
+       1.0936485528945923,
+       -0.02540251612663269,
+       1.092630386352539,
+       -0.02405136451125145,
+       1.0921697616577148,
+       -0.022423462942242622,
+       1.0753588676452637,
+       0.028965111821889877,
+       1.0391103029251099,
+       0.0698033794760704,
+       0.9950900673866272,
+       0.10237431526184082,
+       0.9472163319587708,
+       0.1290435940027237,
+       0.8971067070960999,
+       0.1512538492679596,
+       0.8455917835235596,
+       0.16998028755187988,
+       0.7931233644485474,
+       0.1858663707971573,
+       0.7398693561553955,
+       0.19888252019882202,
+       0.6861308217048645,
+       0.2097293734550476,
+       0.6319759488105774,
+       0.21825723350048065,
+       0.5775350332260132,
+       0.2247164100408554,
+       0.5229036211967468,
+       0.22929807007312775,
+       0.5153571367263794,
+       0.2290796935558319,
+       0.5080140829086304,
+       0.2273254096508026,
+       0.501183807849884,
+       0.22410906851291656,
+       0.49515390396118164,
+       0.21956613659858704,
+       0.4901783764362335,
+       0.21388794481754303,
+       0.48646676540374756,
+       0.2073136270046234,
+       0.48417535424232483,
+       0.20012007653713226,
+       0.4834006726741791,
+       0.1926102489233017,
+       0.4834006726741791,
+       0.13945595920085907,
+       0.4834006726741791,
+       0.08630168437957764,
+       0.4834006726741791,
+       0.033147409558296204,
+       0.4834006726741791,
+       -0.020006870850920677,
+       0.4862010180950165,
+       -0.03408508002758026,
+       0.49417567253112793,
+       -0.046020008623600006,
+       0.5061106085777283,
+       -0.05399467051029205,
+       0.5201888084411621,
+       -0.05679500102996826,
+       0.6147462725639343,
+       -0.05679500102996826,
+       0.7093036770820618,
+       -0.05679500102996826,
+       0.803861141204834,
+       -0.05679500102996826,
+       0.8984185457229614,
+       -0.05679500102996826,
+       0.9929760098457336,
+       -0.05679500102996826,
+       1.0875334739685059,
+       -0.05679500102996826,
+       1.0921319723129272,
+       -0.05679500102996826,
+       1.0967304706573486,
+       -0.05679500102996826,
+       1.10132896900177,
+       -0.05679500102996826,
+       1.1059274673461914,
+       -0.05679500102996826,
+       1.111068844795227,
+       -0.056803129613399506,
+       1.1162101030349731,
+       -0.05682101100683212,
+       1.1213514804840088,
+       -0.05683889240026474,
+       1.1264928579330444,
+       -0.056847020983695984,
+       1.131633996963501,
+       -0.05683564394712448,
+       1.136775016784668,
+       -0.05679500102996826,
+       1.2039756774902344,
+       -0.056029997766017914,
+       1.271164894104004,
+       -0.054954998195171356,
+       1.3383550643920898,
+       -0.0537324994802475,
+       1.405538558959961,
+       -0.052457500249147415,
+       1.4727249145507812,
+       -0.051157500594854355,
+       1.5399150848388672,
+       -0.04979000240564346,
+       1.6070976257324219,
+       -0.04834499955177307,
+       1.6742849349975586,
+       -0.046939998865127563,
+       1.7414684295654297,
+       -0.045432500541210175,
+       1.8086557388305664,
+       -0.04399750009179115,
+       1.8758354187011719,
+       -0.04255500063300133,
+       1.9430255889892578,
+       -0.041087500751018524,
+       2.0102052688598633,
+       -0.03958750143647194,
+       2.077395439147949,
+       -0.038122501224279404,
+       2.1445751190185547,
+       -0.03663500025868416,
+     ],
+     "error": "Error: new proper crossing pairs59/68,59/69",
+     "group": "adjacent3648",
+     "id": [
+       "periodic-reef42-l12",
+       176,
+       0.5,
+     ],
+     "params": {
+       "authoredTD": 1.625,
+       "crest": [
+         0.2841758728027344,
+         0.2365799993276596,
+       ],
+       "incoming": [
+         0.06467723846435547,
+         0.005182497203350067,
+       ],
+       "outgoing": [
+         0.0672006607055664,
+         0.0007650014013051987,
+       ],
+       "tau": 1.3874999999997506,
+       "toe": [
+         1.136775016784668,
+         -0.05679500102996826,
+       ],
+     },
+     "raw": [
+       -1.7080249786376953,
+       0.02806999906897545,
+       -1.6433897018432617,
+       0.034267500042915344,
+       -1.5787124633789062,
+       0.03940249979496002,
+       -1.5140323638916016,
+       0.04463999718427658,
+       -1.4494142532348633,
+       0.051045000553131104,
+       -1.3848819732666016,
+       0.05810000002384186,
+       -1.320206642150879,
+       0.06251750141382217,
+       -1.2555150985717773,
+       0.06631000339984894,
+       -1.1909847259521484,
+       0.0692949965596199,
+       -1.1271705627441406,
+       0.0733875036239624,
+       -1.0704669952392578,
+       0.08003000169992447,
+       -1.0056571960449219,
+       0.08297500014305115,
+       -0.9415197372436523,
+       0.08422999829053879,
+       -0.8802947998046875,
+       0.09487749636173248,
+       -0.8173847198486328,
+       0.1064700037240982,
+       -0.7549018859863281,
+       0.11507999897003174,
+       -0.6913728713989258,
+       0.12159000337123871,
+       -0.6270866394042969,
+       0.127872496843338,
+       -0.5628376007080078,
+       0.13701249659061432,
+       -0.49793529510498047,
+       0.13606999814510345,
+       -0.43320751190185547,
+       0.13144999742507935,
+       -0.36884403228759766,
+       0.12465750426054001,
+       -0.3054351806640625,
+       0.11145000159740448,
+       -0.2510643005371094,
+       0.12474749982357025,
+       -0.18731975555419922,
+       0.1288374960422516,
+       -0.1234292984008789,
+       0.12462499737739563,
+       -0.0797719955444336,
+       0.11475250124931335,
+       -0.019614219665527344,
+       0.13732250034809113,
+       0.03713035583496094,
+       0.1673000007867813,
+       0.09548759460449219,
+       0.19455499947071075,
+       0.1563129425048828,
+       0.21658000349998474,
+       0.2194986343383789,
+       0.23139750957489014,
+       0.2841758728027344,
+       0.2365799993276596,
+       0.31325817108154297,
+       0.23563501238822937,
+       0.3422279357910156,
+       0.23288750648498535,
+       0.37098026275634766,
+       0.2284024953842163,
+       0.39947032928466797,
+       0.222507506608963,
+       0.42760276794433594,
+       0.21510249376296997,
+       0.45543575286865234,
+       0.2066200077533722,
+       0.48293495178222656,
+       0.19712500274181366,
+       0.5104703903198242,
+       0.1877025067806244,
+       0.5382480621337891,
+       0.1790499985218048,
+       0.5664749145507812,
+       0.17201749980449677,
+       0.5951433181762695,
+       0.167432501912117,
+       0.6240549087524414,
+       0.16594499349594116,
+       0.652862548828125,
+       0.16719000041484833,
+       0.6813879013061523,
+       0.17061999440193176,
+       0.7096996307373047,
+       0.17503750324249268,
+       0.7378530502319336,
+       0.17971749603748322,
+       0.7660179138183594,
+       0.18428999185562134,
+       0.7942056655883789,
+       0.1881749927997589,
+       0.8223905563354492,
+       0.1919724941253662,
+       0.8505125045776367,
+       0.19545499980449677,
+       0.8785934448242188,
+       0.19903001189231873,
+       0.9065456390380859,
+       0.20261000096797943,
+       0.9345273971557617,
+       0.20570749044418335,
+       0.9626035690307617,
+       0.20749999582767487,
+       0.9908056259155273,
+       0.20687249302864075,
+       1.0187797546386719,
+       0.20278500020503998,
+       1.0460023880004883,
+       0.19449250400066376,
+       1.07147216796875,
+       0.18153250217437744,
+       1.0941123962402344,
+       0.1638299971818924,
+       1.112722396850586,
+       0.14175748825073242,
+       1.126225471496582,
+       0.11614000052213669,
+       1.1324758529663086,
+       0.08788999915122986,
+       1.1302528381347656,
+       0.07452249526977539,
+       1.124558448791504,
+       0.06235000118613243,
+       1.1154556274414062,
+       0.05223749950528145,
+       1.1040306091308594,
+       0.04495000094175339,
+       1.0909252166748047,
+       0.04174249991774559,
+       1.0776786804199219,
+       0.044177498668432236,
+       1.0657005310058594,
+       0.05061250180006027,
+       1.0541400909423828,
+       0.05776499956846237,
+       1.0414533615112305,
+       0.062322501093149185,
+       1.0279006958007812,
+       0.06286749988794327,
+       1.014348030090332,
+       0.06165250018239021,
+       1.0007600784301758,
+       0.06078749895095825,
+       0.9871530532836914,
+       0.06128250062465668,
+       0.973628044128418,
+       0.06287500262260437,
+       0.9601202011108398,
+       0.06467249989509583,
+       0.9465503692626953,
+       0.06599749624729156,
+       0.9329357147216797,
+       0.06648249924182892,
+       0.9193172454833984,
+       0.06602749973535538,
+       0.9057750701904297,
+       0.06463000178337097,
+       0.8925037384033203,
+       0.06161250174045563,
+       0.8801136016845703,
+       0.056147500872612,
+       0.8692207336425781,
+       0.04798249900341034,
+       0.8617353439331055,
+       0.03666500002145767,
+       0.8589248657226562,
+       0.023439999669790268,
+       0.8612298965454102,
+       0.010697499848902225,
+       0.8667001724243164,
+       -0.0010450000409036875,
+       0.8744697570800781,
+       -0.01144499983638525,
+       0.8838911056518555,
+       -0.020349999889731407,
+       0.8944921493530273,
+       -0.027822500094771385,
+       0.9058351516723633,
+       -0.034129999577999115,
+       0.9178152084350586,
+       -0.0391324982047081,
+       0.9301223754882812,
+       -0.04325000196695328,
+       0.9426708221435547,
+       -0.0465800017118454,
+       0.9553928375244141,
+       -0.04915750026702881,
+       0.9682102203369141,
+       -0.05119499936699867,
+       0.9811000823974609,
+       -0.0527850016951561,
+       0.994023323059082,
+       -0.05401249974966049,
+       1.0069751739501953,
+       -0.054954998195171356,
+       1.0199403762817383,
+       -0.055682502686977386,
+       1.0329084396362305,
+       -0.056254997849464417,
+       1.0458850860595703,
+       -0.05667500197887421,
+       1.0588703155517578,
+       -0.056927502155303955,
+       1.0718574523925781,
+       -0.057044997811317444,
+       1.0848360061645508,
+       -0.05707000195980072,
+       1.097823143005371,
+       -0.05703999847173691,
+       1.1108102798461914,
+       -0.05697750300168991,
+       1.1237878799438477,
+       -0.05689999833703041,
+       1.136775016784668,
+       -0.05679500102996826,
+       1.2039756774902344,
+       -0.056029997766017914,
+       1.271164894104004,
+       -0.054954998195171356,
+       1.3383550643920898,
+       -0.0537324994802475,
+       1.405538558959961,
+       -0.052457500249147415,
+       1.4727249145507812,
+       -0.051157500594854355,
+       1.5399150848388672,
+       -0.04979000240564346,
+       1.6070976257324219,
+       -0.04834499955177307,
+       1.6742849349975586,
+       -0.046939998865127563,
+       1.7414684295654297,
+       -0.045432500541210175,
+       1.8086557388305664,
+       -0.04399750009179115,
+       1.8758354187011719,
+       -0.04255500063300133,
+       1.9430255889892578,
+       -0.041087500751018524,
+       2.0102052688598633,
+       -0.03958750143647194,
+       2.077395439147949,
+       -0.038122501224279404,
+       2.1445751190185547,
+       -0.03663500025868416,
+     ],
+   },
  }

 ❯ src/wave/barrel/sharedUpperRoot.test.ts:136:60
    134|     if (process.env.SHARED_ROOT_QUERY_RECEIPT) writeFileSync(process.e…
    135|     expect(Object.values(groups).reduce((n, g) => n + g.attempted, 0))…
    136|     expect({ count: failures.length, first: failures[0] }).toEqual({ c…
       |                                                            ^
    137|   }, 30000);
    138|

⎯⎯⎯⎯⎯⎯⎯⎯⎯⎯⎯⎯⎯⎯⎯⎯⎯⎯⎯⎯⎯⎯⎯⎯[1/1]⎯


 Test Files  1 failed (1)
      Tests  1 failed | 2 skipped (3)
   Start at  22:32:24
   Duration  4.07s (tests 72%, transform 22%, import 5%, worker 1%)

