"GET /?diagnostics HTTP/1.1" 200 -
"GET /assets/index-DA8NEfOT.css HTTP/1.1" 200 -
"GET /assets/index-DO0JE-CS.js HTTP/1.1" 200 -
"GET /assets/WorkerSurfZone-JUe_KG8I.js HTTP/1.1" 200 -
"GET /assets/skies/skies.json HTTP/1.1" 200 -
"GET /assets/surfers/surfer1.glb HTTP/1.1" 200 -
"GET /assets/surfZoneWorker-BTtrtSmG.js HTTP/1.1" 200 -
code 404, message Not Found
"GET /favicon.ico HTTP/1.1" 404 -
"GET /assets/skies/qwantani_sunset_puresky.jpg HTTP/1.1" 200 -
"GET /assets/skies/qwantani_sunset_puresky_1k.hdr HTTP/1.1" 200 -
"GET /assets/surfers/surfer1.glb HTTP/1.1" 200 -
"GET /assets/skies/skies.json HTTP/1.1" 200 -
"GET /assets/skies/skies.json HTTP/1.1" 200 -
"GET /barrels/pad19-a30-l12.bin HTTP/1.1" 200 -
"GET /assets/skies/skies.json HTTP/1.1" 200 -
"GET /barrels/pad19-a45-l12.bin HTTP/1.1" 200 -
"GET /barrels/periodic-padang19s-l12.bin HTTP/1.1" 200 -
"GET /barrels/pad19-a20-l12.bin HTTP/1.1" 200 -
"GET /assets/skies/skies.json HTTP/1.1" 200 -
"GET /assets/skies/skies.json HTTP/1.1" 200 -
"GET /assets/skies/skies.json HTTP/1.1" 200 -
"GET /assets/skies/kloofendal_48d_partly_cloudy_puresky.jpg HTTP/1.1" 200 -
"GET /assets/surfZoneWorker-BTtrtSmG.js HTTP/1.1" 200 -
"GET /assets/skies/kloofendal_48d_partly_cloudy_puresky_1k.hdr HTTP/1.1" 200 -
"GET /assets/skies/kloofendal_48d_partly_cloudy_puresky_1k.hdr HTTP/1.1" 200 -
"GET /build.json HTTP/1.1" 200 -
"GET /diagnostic-autopilot.mjs HTTP/1.1" 200 -
{"progressSteps":120,"phase":"prone","pilot":"wait","mouth":true,"witnessEntry":false}
{"progressSteps":240,"phase":"prone","pilot":"wait","mouth":true,"witnessEntry":false}
{"progressSteps":360,"phase":"prone","pilot":"wait","mouth":true,"witnessEntry":false}
{"progressSteps":480,"phase":"prone","pilot":"wait","mouth":true,"witnessEntry":false}
{"progressSteps":600,"phase":"prone","pilot":"wait","mouth":true,"witnessEntry":false}
{"progressSteps":720,"phase":"prone","pilot":"go","mouth":true,"witnessEntry":false}
{"progressSteps":840,"phase":"prone","pilot":"go","mouth":true,"witnessEntry":false}
{"progressSteps":960,"phase":"prone","pilot":"go","mouth":true,"witnessEntry":false}
{"progressSteps":1080,"phase":"prone","pilot":"go","mouth":true,"witnessEntry":false}
{"complete":true,"steps":1118,"stop":{"kind":"production-pilot-done","step":1118,"phase":"prone","separation":null,"pilot":{"state":"done","attempts":1,"outcome":"missed the wave","rideTime":0,"phase":""}},"firstFailure":null}
