
DevTools listening on ws://127.0.0.1:9669/devtools/browser/22a56700-5b3c-4686-8ab6-5f042ac04bf5
Trying to load the allocator multiple times. This is *not* supported.
[54481:13115181:1004/135343.199178:ERROR:google_apis/gcm/engine/registration_request.cc:291] Registration response error message: DEPRECATED_ENDPOINT
Created TensorFlow Lite XNNPACK delegate for CPU.
[54601:13116488:1004/135357.272227:VERBOSE1:chrome/updater/updater.cc:364] Version: 156.0.8067.0, opt, ARM_64, command line: /Users/regina/Library/Application Support/Google/GoogleUpdater/156.0.8067.0/GoogleUpdater.app/Contents/MacOS/GoogleUpdater --wake-all --enable-logging --vmodule=*/components/update_client/*=2,*/chrome/enterprise_companion/*=2,*/chrome/updater/*=2
[54601:13116488:1004/135357.272940:VERBOSE1:chrome/updater/updater.cc:367] OS version: 26.6.2, arch: arm64, System uptime (seconds): 309979, parent pid: 54481
[54601:13116488:1004/135357.275146:VERBOSE1:chrome/updater/updater.cc:372] Available disk space in install directory (/Users/regina/Library/Application Support/Google/GoogleUpdater): 4400156672B (4.098GiB) / 994610155520B (926.303GiB)
[54601:13116488:1004/135357.275234:VERBOSE1:chrome/updater/updater.cc:376] Available disk space in temporary directory (/var/folders/91/xd6q44sj40vbzk9pysv_0lzh0000gn/T/): 4400156672B (4.098GiB) / 994610155520B (926.303GiB)
[54601:13116488:1004/135357.275428:VERBOSE2:chrome/updater/event_history.cc:266] Emitted a UPDATER_PROCESS START event to the history log
[54603:13116492:1004/135357.288403:VERBOSE1:chrome/updater/updater.cc:364] Version: 156.0.8067.0, opt, ARM_64, command line: /Users/regina/Library/Application Support/Google/GoogleUpdater/156.0.8067.0/GoogleUpdater.app/Contents/MacOS/GoogleUpdater --crash-handler --database=/Users/regina/Library/Application Support/Google/GoogleUpdater/156.0.8067.0/Crashpad --url=https://clients2.google.com/cr/report --annotation=prod=Update4 --annotation=ver=156.0.8067.0 --handshake-fd=6 --enable-logging --vmodule=*/components/update_client/*=2,*/chrome/enterprise_companion/*=2,*/chrome/updater/*=2
[54603:13116492:1004/135357.289236:VERBOSE1:chrome/updater/updater.cc:367] OS version: 26.6.2, arch: arm64, System uptime (seconds): 309979, parent pid: 1
[54603:13116492:1004/135357.291071:VERBOSE1:chrome/updater/updater.cc:372] Available disk space in install directory (/Users/regina/Library/Application Support/Google/GoogleUpdater): 4400136192B (4.098GiB) / 994610155520B (926.303GiB)
[54603:13116492:1004/135357.291099:VERBOSE1:chrome/updater/updater.cc:376] Available disk space in temporary directory (/var/folders/91/xd6q44sj40vbzk9pysv_0lzh0000gn/T/): 4400136192B (4.098GiB) / 994610155520B (926.303GiB)
[54603:13116492:1004/135357.291171:VERBOSE2:chrome/updater/event_history.cc:266] Emitted a UPDATER_PROCESS START event to the history log
[54601:13116488:1004/135357.291966:VERBOSE1:chrome/updater/crash_reporter.cc:123] Crash handler launched and ready.
[54601:13116488:1004/135357.292927:VERBOSE1:chrome/updater/crash_client.cc:108] Found 0 completed crash reports
[54601:13116488:1004/135357.293037:VERBOSE1:chrome/updater/crash_client.cc:132] Found 0 pending crash reports
[54601:13116488:1004/135357.293244:ERROR:third_party/crashpad/crashpad/util/file/file_io_posix.cc:145] open /Users/regina/Library/Application Support/Google/RLZ/Crashpad/settings.dat: No such file or directory (2)
[54601:13116488:1004/135357.293319:ERROR:third_party/crashpad/crashpad/util/file/file_io_posix.cc:145] open /Users/regina/Library/Application Support/Google/ChromeForTesting/Crashpad/settings.dat: No such file or directory (2)
[54601:13116488:1004/135357.293330:ERROR:third_party/crashpad/crashpad/util/file/file_io_posix.cc:145] open /Users/regina/Library/Application Support/Google/Chrome-headless/Crashpad/settings.dat: No such file or directory (2)
[54601:13116488:1004/135357.293344:VERBOSE1:chrome/updater/updater.cc:105] Crash reporting initialized.
[54601:13116500:1004/135357.293847:VERBOSE1:chrome/updater/app/app_wakeall.cc:58] Launching `/Users/regina/Library/Application Support/Google/GoogleUpdater/156.0.8067.0/GoogleUpdater.app/Contents/MacOS/GoogleUpdater --wake`
[54604:13116504:1004/135357.305262:VERBOSE1:chrome/updater/updater.cc:364] Version: 156.0.8067.0, opt, ARM_64, command line: /Users/regina/Library/Application Support/Google/GoogleUpdater/156.0.8067.0/GoogleUpdater.app/Contents/MacOS/GoogleUpdater --wake --enable-logging --vmodule=*/components/update_client/*=2,*/chrome/enterprise_companion/*=2,*/chrome/updater/*=2
[54604:13116504:1004/135357.305789:VERBOSE1:chrome/updater/updater.cc:367] OS version: 26.6.2, arch: arm64, System uptime (seconds): 309979, parent pid: 54601
[54604:13116504:1004/135357.307795:VERBOSE1:chrome/updater/updater.cc:372] Available disk space in install directory (/Users/regina/Library/Application Support/Google/GoogleUpdater): 4400128000B (4.098GiB) / 994610155520B (926.303GiB)
[54604:13116504:1004/135357.307827:VERBOSE1:chrome/updater/updater.cc:376] Available disk space in temporary directory (/var/folders/91/xd6q44sj40vbzk9pysv_0lzh0000gn/T/): 4400128000B (4.098GiB) / 994610155520B (926.303GiB)
[54604:13116504:1004/135357.307890:VERBOSE2:chrome/updater/event_history.cc:266] Emitted a UPDATER_PROCESS START event to the history log
[54606:13116508:1004/135357.321134:VERBOSE1:chrome/updater/updater.cc:364] Version: 156.0.8067.0, opt, ARM_64, command line: /Users/regina/Library/Application Support/Google/GoogleUpdater/156.0.8067.0/GoogleUpdater.app/Contents/MacOS/GoogleUpdater --crash-handler --database=/Users/regina/Library/Application Support/Google/GoogleUpdater/156.0.8067.0/Crashpad --url=https://clients2.google.com/cr/report --annotation=prod=Update4 --annotation=ver=156.0.8067.0 --handshake-fd=6 --enable-logging --vmodule=*/components/update_client/*=2,*/chrome/enterprise_companion/*=2,*/chrome/updater/*=2
[54606:13116508:1004/135357.321714:VERBOSE1:chrome/updater/updater.cc:367] OS version: 26.6.2, arch: arm64, System uptime (seconds): 309979, parent pid: 1
[54606:13116508:1004/135357.323341:VERBOSE1:chrome/updater/updater.cc:372] Available disk space in install directory (/Users/regina/Library/Application Support/Google/GoogleUpdater): 4400128000B (4.098GiB) / 994610155520B (926.303GiB)
[54606:13116508:1004/135357.323374:VERBOSE1:chrome/updater/updater.cc:376] Available disk space in temporary directory (/var/folders/91/xd6q44sj40vbzk9pysv_0lzh0000gn/T/): 4400128000B (4.098GiB) / 994610155520B (926.303GiB)
[54606:13116508:1004/135357.323446:VERBOSE2:chrome/updater/event_history.cc:266] Emitted a UPDATER_PROCESS START event to the history log
[54604:13116504:1004/135357.324048:VERBOSE1:chrome/updater/crash_reporter.cc:123] Crash handler launched and ready.
[54604:13116504:1004/135357.324884:VERBOSE1:chrome/updater/crash_client.cc:108] Found 0 completed crash reports
[54604:13116504:1004/135357.324974:VERBOSE1:chrome/updater/crash_client.cc:132] Found 0 pending crash reports
[54604:13116504:1004/135357.325068:ERROR:third_party/crashpad/crashpad/util/file/file_io_posix.cc:145] open /Users/regina/Library/Application Support/Google/RLZ/Crashpad/settings.dat: No such file or directory (2)
[54604:13116504:1004/135357.325199:ERROR:third_party/crashpad/crashpad/util/file/file_io_posix.cc:145] open /Users/regina/Library/Application Support/Google/ChromeForTesting/Crashpad/settings.dat: No such file or directory (2)
[54604:13116504:1004/135357.325441:ERROR:third_party/crashpad/crashpad/util/file/file_io_posix.cc:145] open /Users/regina/Library/Application Support/Google/Chrome-headless/Crashpad/settings.dat: No such file or directory (2)
[54604:13116504:1004/135357.325492:VERBOSE1:chrome/updater/updater.cc:105] Crash reporting initialized.
[54604:13116504:1004/135357.325901:VERBOSE1:chrome/updater/ipc/update_service_internal_proxy_mojo.cc:61] Run
[54481:13115181:1004/135406.360508:ERROR:google_apis/gcm/engine/registration_request.cc:291] Registration response error message: DEPRECATED_ENDPOINT
[54604:13116504:1004/135413.703767:VERBOSE1:chrome/updater/app/app.cc:52] Shutdown: 0
[54604:13116504:1004/135413.704647:VERBOSE2:chrome/updater/event_history.cc:266] Emitted a UPDATER_PROCESS END event to the history log
[54604:13116504:1004/135413.704698:VERBOSE1:chrome/updater/updater.cc:409] UpdaterMain (--wake) returned 0.
[54601:13116500:1004/135413.816425:VERBOSE1:chrome/updater/app/app_wakeall.cc:68] `/Users/regina/Library/Application Support/Google/GoogleUpdater/156.0.8067.0/GoogleUpdater.app/Contents/MacOS/GoogleUpdater --wake` exited 0
[54601:13116488:1004/135413.816662:VERBOSE1:chrome/updater/app/app.cc:52] Shutdown: 0
[54601:13116488:1004/135413.816957:VERBOSE2:chrome/updater/event_history.cc:266] Emitted a UPDATER_PROCESS END event to the history log
[54601:13116488:1004/135413.816974:VERBOSE1:chrome/updater/updater.cc:409] UpdaterMain (--wake-all) returned 0.
[54606:13116508:1004/135423.719455:VERBOSE2:chrome/updater/event_history.cc:266] Emitted a UPDATER_PROCESS END event to the history log
[54606:13116508:1004/135423.719541:VERBOSE1:chrome/updater/updater.cc:409] UpdaterMain (--crash-handler) returned 0.
[54603:13116492:1004/135423.721181:VERBOSE2:chrome/updater/event_history.cc:266] Emitted a UPDATER_PROCESS END event to the history log
[54603:13116492:1004/135423.721222:VERBOSE1:chrome/updater/updater.cc:409] UpdaterMain (--crash-handler) returned 0.
[54481:13115181:1004/135453.887369:ERROR:google_apis/gcm/engine/registration_request.cc:291] Registration response error message: DEPRECATED_ENDPOINT
