"GET /?diagnostics HTTP/1.1" 200 -
"GET /assets/index-DA8NEfOT.css HTTP/1.1" 200 -
"GET /assets/index-D9vea1n2.js HTTP/1.1" 200 -
"GET /assets/WorkerSurfZone-BmqkCLne.js HTTP/1.1" 200 -
"GET /assets/skies/skies.json HTTP/1.1" 200 -
"GET /assets/surfers/surfer1.glb HTTP/1.1" 200 -
"GET /assets/surfZoneWorker-8JDFOHAK.js HTTP/1.1" 200 -
"GET /assets/skies/qwantani_sunset_puresky.jpg HTTP/1.1" 200 -
"GET /assets/skies/qwantani_sunset_puresky_1k.hdr HTTP/1.1" 200 -
code 404, message Not Found
"GET /favicon.ico HTTP/1.1" 404 -
"GET /assets/skies/skies.json HTTP/1.1" 200 -
"GET /assets/surfers/surfer1.glb HTTP/1.1" 200 -
"GET /assets/skies/skies.json HTTP/1.1" 200 -
"GET /barrels/pad19-a20-l12.bin HTTP/1.1" 200 -
"GET /assets/skies/skies.json HTTP/1.1" 200 -
"GET /barrels/pad19-a45-l12.bin HTTP/1.1" 200 -
"GET /barrels/pad19-a30-l12.bin HTTP/1.1" 200 -
"GET /barrels/periodic-padang19s-l12.bin HTTP/1.1" 200 -
"GET /assets/skies/skies.json HTTP/1.1" 200 -
"GET /assets/skies/skies.json HTTP/1.1" 200 -
"GET /assets/skies/skies.json HTTP/1.1" 200 -
"GET /assets/surfZoneWorker-8JDFOHAK.js HTTP/1.1" 200 -
"GET /assets/skies/kloofendal_48d_partly_cloudy_puresky.jpg HTTP/1.1" 200 -
"GET /assets/skies/kloofendal_48d_partly_cloudy_puresky_1k.hdr HTTP/1.1" 200 -
"GET /assets/skies/kloofendal_48d_partly_cloudy_puresky_1k.hdr HTTP/1.1" 200 -
"GET /diagnostic-autopilot.mjs HTTP/1.1" 200 -
{"progressSteps":120,"phase":"prone","pilot":"go","mouth":true,"witnessEntry":false}
{"progressSteps":240,"phase":"prone","pilot":"go","mouth":true,"witnessEntry":false}
{"progressSteps":360,"phase":"prone","pilot":"go","mouth":true,"witnessEntry":false}
{"progressSteps":480,"phase":"prone","pilot":"go","mouth":true,"witnessEntry":false}
{"complete":true,"steps":485,"stop":{"kind":"first-fall-or-separation","step":485,"phase":"fallen","separation":"lost board","pilot":{"state":"go","attempts":1,"outcome":null,"rideTime":0,"phase":""}},"firstFailure":null}
