"GET /?diagnostics HTTP/1.1" 200 -
"GET /assets/index-DA8NEfOT.css HTTP/1.1" 200 -
"GET /assets/index-wxO94NS8.js HTTP/1.1" 200 -
"GET /assets/WorkerSurfZone-cTEUI_A3.js HTTP/1.1" 200 -
"GET /assets/skies/skies.json HTTP/1.1" 200 -
"GET /assets/surfers/surfer1.glb HTTP/1.1" 200 -
"GET /assets/surfZoneWorker-Cxmwf2xZ.js HTTP/1.1" 200 -
code 404, message Not Found
"GET /favicon.ico HTTP/1.1" 404 -
"GET /assets/skies/qwantani_sunset_puresky.jpg HTTP/1.1" 200 -
"GET /assets/skies/qwantani_sunset_puresky_1k.hdr HTTP/1.1" 200 -
"GET /?diagnostics HTTP/1.1" 200 -
"GET /assets/index-wxO94NS8.js HTTP/1.1" 200 -
"GET /assets/index-DA8NEfOT.css HTTP/1.1" 200 -
"GET /assets/WorkerSurfZone-cTEUI_A3.js HTTP/1.1" 200 -
"GET /assets/skies/skies.json HTTP/1.1" 200 -
"GET /assets/surfers/surfer1.glb HTTP/1.1" 200 -
"GET /barrels/pad19-a20-l12.bin HTTP/1.1" 200 -
"GET /barrels/pad19-a45-l12.bin HTTP/1.1" 200 -
"GET /barrels/pad19-a30-l12.bin HTTP/1.1" 200 -
"GET /barrels/periodic-padang19s-l12.bin HTTP/1.1" 200 -
"GET /assets/skies/qwantani_sunset_puresky.jpg HTTP/1.1" 200 -
"GET /assets/skies/qwantani_sunset_puresky_1k.hdr HTTP/1.1" 200 -
"GET /assets/surfZoneWorker-Cxmwf2xZ.js HTTP/1.1" 200 -
"GET /assets/surfers/surfer1.glb HTTP/1.1" 200 -
"GET /assets/skies/skies.json HTTP/1.1" 200 -
"GET /assets/skies/skies.json HTTP/1.1" 200 -
"GET /assets/skies/skies.json HTTP/1.1" 200 -
"GET /assets/skies/skies.json HTTP/1.1" 200 -
"GET /assets/skies/skies.json HTTP/1.1" 200 -
"GET /assets/skies/skies.json HTTP/1.1" 200 -
"GET /assets/surfZoneWorker-Cxmwf2xZ.js HTTP/1.1" 200 -
"GET /assets/skies/kloofendal_48d_partly_cloudy_puresky.jpg HTTP/1.1" 200 -
"GET /assets/skies/kloofendal_48d_partly_cloudy_puresky_1k.hdr HTTP/1.1" 200 -
"GET /assets/skies/kloofendal_48d_partly_cloudy_puresky_1k.hdr HTTP/1.1" 200 -
"GET /assets/surfZoneWorker-Cxmwf2xZ.js HTTP/1.1" 200 -
"GET /diagnostic-autopilot.mjs HTTP/1.1" 200 -
{"progressSteps":120,"phase":"prone","entry":false,"detectorMs":29.80000013113022}
{"progressSteps":240,"phase":"prone","entry":false,"detectorMs":60.49999988079071}
{"progressSteps":360,"phase":"prone","entry":false,"detectorMs":110.39999949932098}
{"progressSteps":480,"phase":"prone","entry":false,"detectorMs":189.69999915361404}
{"progressSteps":600,"phase":"prone","entry":false,"detectorMs":279.89999908208847}
{"progressSteps":720,"phase":"prone","entry":false,"detectorMs":327.9999992251396}
{"progressSteps":840,"phase":"prone","entry":false,"detectorMs":356.0999990105629}
{"progressSteps":960,"phase":"prone","entry":false,"detectorMs":381.2999985218048}
{"progressSteps":1080,"phase":"prone","entry":false,"detectorMs":420.4999986886978}
{"progressSteps":1200,"phase":"prone","entry":false,"detectorMs":456.0999979376793}
{"progressSteps":1320,"phase":"push","entry":false,"detectorMs":486.8999980688095}
