
> surfing-game@0.1.0 build
> tsc -b && vite build

vite v8.3.1 building client environment for production...
transforming...
✓ 250 modules transformed.
rendering chunks...
computing gzip size...
dist/build.json                           0.02 kB │ gzip:   0.04 kB
dist/index.html                           1.62 kB │ gzip:   0.62 kB
dist/assets/surfZoneWorker-CeUF6aeU.js  445.25 kB
dist/assets/index-DA8NEfOT.css           33.21 kB │ gzip:   7.32 kB
dist/assets/devStepping-B13xA4xz.js       0.32 kB │ gzip:   0.25 kB
dist/assets/particleBench-0-fyXJ4_.js    10.70 kB │ gzip:   4.44 kB
dist/assets/waterSheet-RG1Q4ZgU.js       11.68 kB │ gzip:   5.35 kB
dist/assets/jevRecorder-DirY3i1K.js      15.91 kB │ gzip:   6.65 kB
dist/assets/rideRecorder-stoH_hRI.js     41.10 kB │ gzip:  13.39 kB
dist/assets/index-BpKGe5Ov.js           582.42 kB │ gzip: 160.70 kB
dist/assets/WorkerSurfZone-B5xWKLFK.js  848.36 kB │ gzip: 262.64 kB

✓ built in 455ms
[plugin builtin:vite-reporter] 
(!) Some chunks are larger than 500 kB after minification. Consider:
- Using dynamic import() to code-split the application
- Use build.rolldownOptions.output.codeSplitting to improve chunking: https://rolldown.rs/reference/OutputOptions.codeSplitting
- Adjust chunk size limit for this warning via build.chunkSizeWarningLimit.
