{
 "machine": {
  "model": "MacBook Pro",
  "modelId": "Mac17,8",
  "chip": "Apple M5 Pro",
  "cores": "proc 18:6:0:12",
  "memory": "24 GB",
  "gpu": "Apple M5 Pro",
  "gpuCores": "20",
  "metal": "spdisplays_metal4",
  "displays": [
   {
    "name": "Color LCD",
    "resolution": "1728 x 1117 @ 120.00Hz",
    "pixels": "3456 x 2234",
    "main": true
   }
  ],
  "os": "macOS 26.6.2 (25G83)",
  "power": "AC power",
  "lowPowerMode": false,
  "nodeCpus": 18,
  "totalMemoryGB": 24
 },
 "browser": {
  "userAgent": "Mozilla/5.0 (Macintosh; Intel Mac OS X 10_15_7) AppleWebKit/537.36 (KHTML, like Gecko) Chrome/154.0.0.0 Safari/537.36",
  "webgl": "ANGLE (Apple, ANGLE Metal Renderer: Apple M5 Pro, Unspecified Version)",
  "webgpu": "apple · metal-3",
  "viewport": "1708 × 926",
  "devicePixelRatio": 2,
  "screen": "1728 × 1117",
  "chrome": "Google Chrome 154.0.8037.93",
  "refreshHz": 120
 }
}
High (baseline)            Ride · Padang            60 rendered fps (119.9 callbacks/s)  callback p95 9.8 ms  gpu -/- ms  main 0.7 ms  draws 36  2989 × 1620  solver 12–24.5 ms  fresh publications 56.9/s  physics steps 56.9/s  simulation 0.948×
High (baseline) Ride · Padang: FAILED CPU profile invalid; retained report contains errors · screen ride · /private/tmp/late-js-profile-20261004/result/fps-diagnostic-High_baseline_-Ride_Padang.png
file:///private/tmp/late-js-profile-20261004/derived-survey.mjs:552
  if(!run.cpuProfile?.valid)throw Error('CPU profile invalid; retained report contains errors');
                                  ^

Error: CPU profile invalid; retained report contains errors
    at measure (file:///private/tmp/late-js-profile-20261004/derived-survey.mjs:552:35)
    at async ride (file:///private/tmp/late-js-profile-20261004/derived-survey.mjs:589:3)
    at async attempt (file:///private/tmp/late-js-profile-20261004/derived-survey.mjs:600:5)
    at async file:///private/tmp/late-js-profile-20261004/derived-survey.mjs:621:7
    at async file:///private/tmp/late-js-profile-20261004/derived-survey.mjs:432:5

Node.js v23.10.0
