{
  "planOnly": true,
  "url": "http://localhost:4211/?diagnostics",
  "ordinary": {
    "method": "Ordinary menu → Surf → Padang → Big → Paddle out; idle rider; five-second warmup and 90-second passive sample",
    "diagnosticGpuProfile": false,
    "timingComparableToPassiveBaseline": false,
    "jsCpuProfileDiagnostic": true,
    "edition": "late-js-cpu-new-clock",
    "fixedPhysicsStepSeconds": 0.016666666666666666,
    "pipelineMetricSemantics": "Physics/device/step timings describe the final step of a batch; batch spans the advance loop; snapshot/summary occur once per publication; total is (batch+snapshot+summary)/batchSteps, not full request latency. Independent stage quantiles must not be summed.",
    "baseline": "/Users/regina/Desktop/Projects/surfing-game/docs/research/performance-2026-10-03/padang-live-frame-pacing.json",
    "expectedConfig": {
      "spot": "padang",
      "seed": 8761,
      "significantHeight": 3.8,
      "peakPeriod": 18,
      "directionDegrees": 0,
      "spreading": 150,
      "tide": 0,
      "windSpeed": 0,
      "stage": 2,
      "compute": "auto",
      "dx": 2,
      "fineSpacing": 1,
      "componentCount": 64
    },
    "expectedViewport": "1708 × 926",
    "expectedBrowserDpr": 2,
    "expectedCanvas": "2989 × 1620",
    "expectedRenderPixelRatio": 1.75,
    "graphics": {
      "renderScale": 1,
      "nativePixelDensity": true,
      "frameLimit": 60,
      "waterSimulation": "auto",
      "seaDetail": "rich",
      "caustics": true,
      "sprayMist": true,
      "oceanView": "far",
      "foam": "detailed",
      "waterLook": "rich",
      "particles": "high",
      "preset": "high"
    },
    "normalMode": "production pixel normals (no waterNormals flag)",
    "runtimeOverrides": [],
    "sourceAudit": {
      "ref": "56bf750996",
      "files": [
        {
          "file": "src/game/Graphics.ts",
          "sha256": "39e0bd72abe3bee7daf39f022775a4a2688a6ba798f02ca3564a1109ebfcea42",
          "sameAsReference": true
        },
        {
          "file": "src/game/Settings.ts",
          "sha256": "feffa5a5fc4d2df4bfd7d1ad9ca1e81a26f014d9fa25efe02814dcaea684b618",
          "sameAsReference": true
        },
        {
          "file": "src/scene/WaterSurface.ts",
          "sha256": "3eda73239893f599e2c242ec6ef568f463b47fd0f2bc495768a24ec6de85a000",
          "sameAsReference": true
        },
        {
          "file": "src/scene/water/richWaterGlsl.ts",
          "sha256": "3ffbf8004f0c8c5bea16f748031c9d67813c69de9b7b67b0ceefcea000d8c416",
          "sameAsReference": true
        },
        {
          "file": "src/scene/water/richSpray.ts",
          "sha256": "79ef564c42b48eb77d62a560848d4b85f06be50d6f2ae3f21a957f293f77da5d",
          "sameAsReference": true
        },
        {
          "file": "src/scene/SprayPoints.ts",
          "sha256": "23e722c6880c86c2e4ec81af681ad72732923bdd418695bd41593726db250439",
          "sameAsReference": true
        },
        {
          "file": "src/scene/BubblePoints.ts",
          "sha256": "cbd6f49e31e426bf7e6295d6fde213c6289fa23b9c5aedbedd2159acc8846f5a",
          "sameAsReference": true
        },
        {
          "file": "src/wave/particleBudget.ts",
          "sha256": "3b2f78fde2cd5f1a90f5cde1a7668f0f0bab12bacec539b6c07028db929dd363",
          "sameAsReference": true
        }
      ]
    }
  },
  "artifact": {
    "root": "/private/tmp/paced-crossing-gameplay-20261004/dist",
    "sha256": "7b49550cb55f5cb8f620123c9e2ad0926a0316d8873bf654819375fb4cb3190c",
    "entry": "assets/index-BBfxZIFO.js",
    "worker": "assets/surfZoneWorker-0gFT5nyl.js",
    "files": [
      {
        "file": "index.html",
        "sha256": "2459208498fda0600a64e868e27bd0a8832b5861912b7c4c3e7c8a5d021054df"
      },
      {
        "file": "assets/WorkerSurfZone-8pNiElrU.js",
        "sha256": "492514b43928eec48b1a90db8630aa8dbdb51ce7611565d4585dcd82ad08752d"
      },
      {
        "file": "assets/devStepping-DpFxiFxV.js",
        "sha256": "d805b649a21981b5abc7a6ef90d1cc52746478cbb5d9f473858a3ccc198bf516"
      },
      {
        "file": "assets/index-BBfxZIFO.js",
        "sha256": "fd2c2bd093073e04d25b191833a9b45b4465554b743cf1fd1faca7208987e8a0"
      },
      {
        "file": "assets/index-DA8NEfOT.css",
        "sha256": "bc5e05b302e3e4f336ab5cfc2a14e91113929582cf0233c8e2edf8c8ee2f5148"
      },
      {
        "file": "assets/jevRecorder-bAyFRm6D.js",
        "sha256": "1d3255bb3d5d85ac0798c3531ef7881a37e37aa85344fb44ce57028e1b20dbfc"
      },
      {
        "file": "assets/particleBench-CYvKdjqn.js",
        "sha256": "8da44106b3d6074a9b18d9addff646513253e3d1f286d38025a05af4847e6d4a"
      },
      {
        "file": "assets/rideRecorder-D1wI60PW.js",
        "sha256": "d9268e2f9db97bc9d1135494064c7f3f948a5b5ddfc1293d7b90e49ea2f78fe1"
      },
      {
        "file": "assets/surfZoneWorker-0gFT5nyl.js",
        "sha256": "21b796673a700d9ecb8c46fb32c913795a89134c51adb0860e98f646f65371fa"
      },
      {
        "file": "assets/waterSheet-Bhxsq2yy.js",
        "sha256": "741d755ee05faecac288e5a576463df2a79032d3cd9eccb1e0e19eefc745be7c"
      }
    ],
    "verified": []
  },
  "chromeStarted": false,
  "servedVerification": "Deferred to the scheduled live run"
}
