   8.4 s  menu ready
   9.7 s  recording
  38.8 s  paddling out at Beach, Medium swell
  45.0 s  riding screen
  46.7 s  PRONE · PRONE · 0.3 m/s · face 5.2 m ahead · 23 % up · set in 23 s
  46.7 s  attempt 1: paddling (5.2 m ahead · 23 % up, c 5.1 m/s · need 145.0 m/s)
  54.7 s  attempt 1: no cue in 8 s, paddling back out
  77.3 s  attempt 2: paddling (10.2 m ahead · 49 % up, c 5.7 m/s · need 33.3 m/s)
  85.3 s  attempt 2: no cue in 8 s, paddling back out
  88.1 s  attempt 3: paddling (5.6 m ahead · 29 % up, c 5.7 m/s · need 21.1 m/s)
  96.1 s  attempt 3: no cue in 8 s, paddling back out
  98.8 s  attempt 4: paddling (3.9 m ahead · 52 % up, c 5.0 m/s · need 11.2 m/s)
 106.9 s  attempt 4: no cue in 8 s, paddling back out
 118.4 s  attempt 5: paddling (8.1 m ahead · 34 % up, c 5.1 m/s · need 96.3 m/s)
 126.5 s  attempt 5: no cue in 8 s, paddling back out
 138.5 s  attempt 6: paddling (9.8 m ahead · 42 % up, c 7.4 m/s · need 50.5 m/s)
 146.5 s  attempt 6: no cue in 8 s, paddling back out
 149.2 s  attempt 7: paddling (5.8 m ahead · 22 % up, c 5.2 m/s · need 32.4 m/s)
 152.1 s  film limit reached
 152.1 s  auto graphics: auto → {"preset":"high","water":"accurate","lowPerformance":false,"adapter":"ANGLE (Apple, ANGLE Metal Renderer: Apple M4 Pro, Unspecified Version)"}
 152.1 s  attempts 7, best ride 0.0 s, film 110 s
 161.3 s  saved 2026-09-26-beach-session.mp4 (27.1 MB)
