
> surfing-game@0.1.0 build
> tsc -b && vite build

fatal: not a git repository (or any of the parent directories): .git
vite v8.3.1 building client environment for production...
transforming...
✓ 249 modules transformed.
rendering chunks...
computing gzip size...
dist/build.json                           0.01 kB │ gzip:   0.03 kB
dist/index.html                           1.62 kB │ gzip:   0.62 kB
dist/assets/surfZoneWorker-BiS1HSwW.js  439.59 kB
dist/assets/index-DA8NEfOT.css           33.21 kB │ gzip:   7.32 kB
dist/assets/devStepping-DLXHCUI0.js       0.32 kB │ gzip:   0.25 kB
dist/assets/particleBench-BjfuW61d.js    10.70 kB │ gzip:   4.44 kB
dist/assets/waterSheet-CenldjZR.js       11.68 kB │ gzip:   5.35 kB
dist/assets/jevRecorder-BgBIVY0x.js      15.91 kB │ gzip:   6.65 kB
dist/assets/rideRecorder-k-noso0x.js     41.10 kB │ gzip:  13.40 kB
dist/assets/index-D_CFvyTQ.js           582.42 kB │ gzip: 160.70 kB
dist/assets/WorkerSurfZone-UWE07rgU.js  848.77 kB │ gzip: 262.76 kB

✓ built in 431ms
[plugin builtin:vite-reporter] 
(!) Some chunks are larger than 500 kB after minification. Consider:
- Using dynamic import() to code-split the application
- Use build.rolldownOptions.output.codeSplitting to improve chunking: https://rolldown.rs/reference/OutputOptions.codeSplitting
- Adjust chunk size limit for this warning via build.chunkSizeWarningLimit.
