
> surfing-game@0.1.0 build
> tsc -b && vite build

vite v8.3.1 building client environment for production...
transforming...
✓ 255 modules transformed.
rendering chunks...
computing gzip size...
dist/build.json                           0.03 kB │ gzip:   0.05 kB
dist/index.html                           1.62 kB │ gzip:   0.62 kB
dist/assets/surfZoneWorker-BTtrtSmG.js  496.21 kB
dist/assets/index-DA8NEfOT.css           33.21 kB │ gzip:   7.32 kB
dist/assets/devStepping-BkdjrvGA.js       0.32 kB │ gzip:   0.25 kB
dist/assets/particleBench-DsConWue.js    10.70 kB │ gzip:   4.44 kB
dist/assets/waterSheet-DIMlUAB8.js       11.68 kB │ gzip:   5.35 kB
dist/assets/jevRecorder-BfzJT9JL.js      15.91 kB │ gzip:   6.65 kB
dist/assets/rideRecorder-CSgHx770.js     41.10 kB │ gzip:  13.40 kB
dist/assets/index-DO0JE-CS.js           582.39 kB │ gzip: 160.74 kB
dist/assets/WorkerSurfZone-JUe_KG8I.js  915.06 kB │ gzip: 283.88 kB

✓ built in 308ms
[plugin builtin:vite-reporter] 
(!) Some chunks are larger than 500 kB after minification. Consider:
- Using dynamic import() to code-split the application
- Use build.rolldownOptions.output.codeSplitting to improve chunking: https://rolldown.rs/reference/OutputOptions.codeSplitting
- Adjust chunk size limit for this warning via build.chunkSizeWarningLimit.
