
> surfing-game@0.1.0 build
> tsc -b && vite build

vite v8.3.1 building client environment for production...
transforming...
✓ 255 modules transformed.
rendering chunks...
computing gzip size...
dist/build.json                           0.04 kB │ gzip:   0.06 kB
dist/index.html                           1.62 kB │ gzip:   0.62 kB
dist/assets/surfZoneWorker-BTVS6pfq.js  485.31 kB
dist/assets/index-DA8NEfOT.css           33.21 kB │ gzip:   7.32 kB
dist/assets/devStepping-BNdtsohs.js       0.32 kB │ gzip:   0.25 kB
dist/assets/particleBench-yUxWu64U.js    10.70 kB │ gzip:   4.44 kB
dist/assets/waterSheet-BWCyJJDF.js       11.68 kB │ gzip:   5.34 kB
dist/assets/jevRecorder-DqYO3gce.js      15.91 kB │ gzip:   6.65 kB
dist/assets/rideRecorder-DPa6VX8j.js     41.10 kB │ gzip:  13.39 kB
dist/assets/index-W835J6-u.js           582.40 kB │ gzip: 160.74 kB
dist/assets/WorkerSurfZone-m-lB1C_s.js  904.16 kB │ gzip: 280.93 kB

✓ built in 380ms
[plugin builtin:vite-reporter] 
(!) Some chunks are larger than 500 kB after minification. Consider:
- Using dynamic import() to code-split the application
- Use build.rolldownOptions.output.codeSplitting to improve chunking: https://rolldown.rs/reference/OutputOptions.codeSplitting
- Adjust chunk size limit for this warning via build.chunkSizeWarningLimit.
