{
 "machine": {
  "model": "MacBook Pro",
  "modelId": "Mac17,8",
  "chip": "Apple M5 Pro",
  "cores": "proc 18:6:0:12",
  "memory": "24 GB",
  "gpu": "Apple M5 Pro",
  "gpuCores": "20",
  "metal": "spdisplays_metal4",
  "displays": [
   {
    "name": "Color LCD",
    "resolution": "1728 x 1117 @ 120.00Hz",
    "pixels": "3456 x 2234",
    "main": true
   }
  ],
  "os": "macOS 26.6.2 (25G83)",
  "power": "AC power",
  "lowPowerMode": false,
  "nodeCpus": 18,
  "totalMemoryGB": 24
 },
 "browser": {
  "userAgent": "Mozilla/5.0 (Macintosh; Intel Mac OS X 10_15_7) AppleWebKit/537.36 (KHTML, like Gecko) Chrome/154.0.0.0 Safari/537.36",
  "webgl": "ANGLE (Apple, ANGLE Metal Renderer: Apple M5 Pro, Unspecified Version)",
  "webgpu": "apple · metal-3",
  "viewport": "1708 × 879",
  "devicePixelRatio": 2,
  "screen": "1728 × 1117",
  "chrome": "Google Chrome 154.0.8037.93",
  "refreshHz": 120
 }
}
High (baseline)            Ride · Padang            60 rendered fps (119.9 callbacks/s)  callback p95 9.9 ms  gpu -/- ms  main 0.7 ms  draws 36  2989 × 1538  solver 9–19.6 ms  fresh publications 57.06/s  physics steps 57.06/s  simulation 0.951×
