"GET /?diagnostics&physicsDx=1&physicsDz=1 HTTP/1.1" 200 -
"GET /assets/index-DA8NEfOT.css HTTP/1.1" 200 -
"GET /assets/index-b-VrQkvK.js HTTP/1.1" 200 -
"GET /assets/WorkerSurfZone-D_PFvR7h.js HTTP/1.1" 200 -
"GET /assets/skies/skies.json HTTP/1.1" 200 -
"GET /assets/surfers/surfer1.glb HTTP/1.1" 200 -
"GET /assets/surfZoneWorker-ms23wI7Q.js HTTP/1.1" 200 -
"GET /assets/skies/qwantani_sunset_puresky_1k.hdr HTTP/1.1" 200 -
"GET /assets/skies/qwantani_sunset_puresky.jpg HTTP/1.1" 200 -
code 404, message Not Found
"GET /favicon.ico HTTP/1.1" 404 -
"GET /?diagnostics&physicsDx=1&physicsDz=1 HTTP/1.1" 200 -
"GET /assets/index-b-VrQkvK.js HTTP/1.1" 200 -
"GET /assets/index-DA8NEfOT.css HTTP/1.1" 200 -
"GET /assets/WorkerSurfZone-D_PFvR7h.js HTTP/1.1" 200 -
"GET /assets/skies/skies.json HTTP/1.1" 200 -
"GET /assets/surfers/surfer1.glb HTTP/1.1" 200 -
"GET /assets/surfZoneWorker-ms23wI7Q.js HTTP/1.1" 200 -
"GET /assets/skies/qwantani_sunset_puresky.jpg HTTP/1.1" 200 -
"GET /assets/skies/qwantani_sunset_puresky_1k.hdr HTTP/1.1" 200 -
"GET /barrels/pad19-a30-l12.bin HTTP/1.1" 200 -
"GET /barrels/pad19-a20-l12.bin HTTP/1.1" 200 -
"GET /barrels/periodic-padang19s-l12.bin HTTP/1.1" 200 -
"GET /barrels/pad19-a45-l12.bin HTTP/1.1" 200 -
"GET /assets/surfZoneWorker-ms23wI7Q.js HTTP/1.1" 200 -
"GET /assets/skies/kloofendal_48d_partly_cloudy_puresky.jpg HTTP/1.1" 200 -
"GET /assets/skies/kloofendal_48d_partly_cloudy_puresky_1k.hdr HTTP/1.1" 200 -
