
 RUN  v5.0.1 /private/tmp/tube-bounded-c-profile-20261004/source

 ❯ src/wave/barrel/boundedCConsumers.test.ts (5 tests | 2 failed) 956ms
   ❯ bounded-C derived consumers (5)
     ✓ measures each actual parameter-first sheet and discards stale values in zero-loop states 14ms
     ✓ keeps final core contours clear across formation, sealing and retirement with live water and end weights 450ms
     × uses identical final drawing/contact geometry and ordered air columns with neighboring different ages 351ms
     × preserves the floor plateau allocation and exact cap edge through the real and deferred final meshes 131ms
     ✓ separates zero-loop launch air, prospective water, actual cap-floor contact and continuing fluid flow 9ms

⎯⎯⎯⎯⎯⎯⎯ Failed Tests 2 ⎯⎯⎯⎯⎯⎯⎯

 FAIL  src/wave/barrel/boundedCConsumers.test.ts > bounded-C derived consumers > uses identical final drawing/contact geometry and ordered air columns with neighboring different ages
Error: {"case":"pad19-a20-l12","query":{"slope":0.0526316,"footHeight":1.4000000000000001,"footDepth":7},"center":0.7487345402771224,"waterIndex":0,"firstAge":0.7247345447540283}: Error: precision collapse spatial budget
 ❯ src/wave/barrel/boundedCConsumers.test.ts:117:31
    115|         const contact = new SweptContact(library, query.slope);
    116|         try { contact.update(data, 9, STILL, heightAt); }
    117|         catch (error) { throw new Error(JSON.stringify({ case: c.id, q…
       |                               ^
    118|         expect(contact.last!.positions.subarray(0, 3 * draw.vertexCoun…
    119|         expect(contact.last!.indices.subarray(0, draw.indexCount)).toE…

⎯⎯⎯⎯⎯⎯⎯⎯⎯⎯⎯⎯⎯⎯⎯⎯⎯⎯⎯⎯⎯⎯⎯⎯[1/2]⎯

 FAIL  src/wave/barrel/boundedCConsumers.test.ts > bounded-C derived consumers > preserves the floor plateau allocation and exact cap edge through the real and deferred final meshes
Error: precision collapse spatial budget
 ❯ sampleBoundedC src/wave/barrel/boundedCProfile.ts:112:131

 ❯ ProfileLibrary.analyticShape src/wave/barrel/ProfileLibrary.ts:385:18
 ❯ ProfileLibrary.analyticAt src/wave/barrel/ProfileLibrary.ts:403:23
 ❯ ProfileLibrary.pointAt src/wave/barrel/ProfileLibrary.ts:236:12
 ❯ SweptLoft.landmarkVelocity src/wave/barrel/sweptLoft.ts:1006:18
 ❯ SweptLoft.crestPointVelocity src/wave/barrel/sweptLoft.ts:990:22
 ❯ SweptLoft.loftFront src/wave/barrel/sweptLoft.ts:667:31
 ❯ SweptLoft.build src/wave/barrel/sweptLoft.ts:389:12
 ❯ src/wave/barrel/boundedCConsumers.test.ts:169:89

⎯⎯⎯⎯⎯⎯⎯⎯⎯⎯⎯⎯⎯⎯⎯⎯⎯⎯⎯⎯⎯⎯⎯⎯[2/2]⎯


 Test Files  1 failed (1)
      Tests  2 failed | 3 passed (5)
   Start at  21:43:54
   Duration  1.17s (tests 87%, transform 10%, import 2%)

