
 RUN  v5.0.1 /private/tmp/tube-bounded-c-profile-20261004/source

 ❯ src/wave/barrel/boundedCConsumers.test.ts (5 tests | 1 failed) 5606ms
   ❯ bounded-C derived consumers (5)
     ✓ measures each actual parameter-first sheet and discards stale values in zero-loop states 12ms
     ✓ keeps final core contours clear across formation, sealing and retirement with live water and end weights 413ms
     × uses identical final drawing/contact geometry and ordered air columns with neighboring different ages 3240ms
     ✓ preserves the floor plateau allocation and exact cap edge through the real and deferred final meshes 1932ms
     ✓ separates zero-loop launch air, prospective water, actual cap-floor contact and continuing fluid flow 8ms

⎯⎯⎯⎯⎯⎯⎯ Failed Tests 1 ⎯⎯⎯⎯⎯⎯⎯

 FAIL  src/wave/barrel/boundedCConsumers.test.ts > bounded-C derived consumers > uses identical final drawing/contact geometry and ordered air columns with neighboring different ages
AssertionError: expected { count: 1, first: { …(11) }, …(1) } to deeply equal { count: +0, first: undefined, …(1) }

- Expected
+ Received

  {
-   "count": 0,
-   "first": undefined,
-   "maxPenetration": 0,
+   "count": 1,
+   "first": {
+     "ages": [
+       1.786745309829712,
+       1.7897453308105469,
+     ],
+     "case": "periodic-reef42-l12",
+     "center": 1.7687453093075154,
+     "layers": [
+       {
+         "layer": 2,
+         "segment": 95,
+         "vertices": [
+           2376,
+           2510,
+           2377,
+         ],
+         "y": 0.9741497501374469,
+       },
+       {
+         "layer": 0,
+         "segment": 43,
+         "vertices": [
+           2325,
+           2458,
+           2459,
+         ],
+         "y": 1.2110173619235172,
+       },
+       {
+         "layer": 1,
+         "segment": 81,
+         "vertices": [
+           2362,
+           2497,
+           2363,
+         ],
+         "y": 1.211328819076668,
+       },
+     ],
+     "penetration": 0.0003114571531508403,
+     "sigma": [
+       7,
+       7.5,
+     ],
+     "strip": 17,
+     "waterIndex": 1,
+     "weights": [
+       0.19581395387649536,
+       0.05709647387266159,
+     ],
+     "x": 7.6855,
+     "z": -95.61014556884766,
+   },
+   "maxPenetration": 0.0003114571531508403,
  }

 ❯ src/wave/barrel/boundedCConsumers.test.ts:150:126


⎯⎯⎯⎯⎯⎯⎯⎯⎯⎯⎯⎯⎯⎯⎯⎯⎯⎯⎯⎯⎯⎯⎯⎯[1/1]⎯


 Test Files  1 failed (1)
      Tests  1 failed | 4 passed (5)
   Start at  21:48:53
   Duration  5.81s (tests 98%, transform 2%)

