
 RUN  v5.0.1 /private/tmp/tube-bounded-c-profile-20261004/source

 ✓ src/wave/PlungingLipSweptVoid.test.ts (2 tests) 23ms
 ❯ src/wave/barrel/boundedCConsumers.test.ts (4 tests | 1 failed) 846ms
   ❯ bounded-C derived consumers (4)
     ✓ measures each actual parameter-first sheet and discards stale values in zero-loop states 12ms
     ✓ keeps final core contours clear across formation, sealing and retirement with live water and end weights 414ms
     × uses identical final drawing/contact geometry and ordered air columns with neighboring different ages 408ms
     ✓ separates zero-loop launch air, prospective water, actual cap-floor contact and continuing fluid flow 11ms

⎯⎯⎯⎯⎯⎯⎯ Failed Tests 1 ⎯⎯⎯⎯⎯⎯⎯

 FAIL  src/wave/barrel/boundedCConsumers.test.ts > bounded-C derived consumers > uses identical final drawing/contact geometry and ordered air columns with neighboring different ages
AssertionError: expected 0.6495398400158505 to be close to 0.6494868951220738, received difference is 0.000052944893776718516, but expected 0.0000049999999999999996
 ❯ src/wave/barrel/boundedCConsumers.test.ts:138:32
    136|             expect(contact.query(x, (hits[0].y + hits[1].y) / 2, z, hi…
    137|             expect(hit.inWater).toBe(false);
    138|             expect(hit.floorY).toBeCloseTo(hits[0].y, 5);
       |                                ^
    139|             expect(hit.ceilingY).toBeCloseTo(hits[1].y, 5);
    140|             expect(hit.ceilingTopY).toBeCloseTo(hits[2].y, 5);

⎯⎯⎯⎯⎯⎯⎯⎯⎯⎯⎯⎯⎯⎯⎯⎯⎯⎯⎯⎯⎯⎯⎯⎯[1/1]⎯


 Test Files  1 failed | 1 passed (2)
      Tests  1 failed | 5 passed (6)
   Start at  21:42:23
   Duration  1.10s (tests 74%, transform 20%, import 5%)

