
> surfing-game@0.1.0 build
> tsc -b && vite build

vite v8.3.1 building client environment for production...
transforming...
✓ 255 modules transformed.
rendering chunks...
computing gzip size...
dist/build.json                           0.03 kB │ gzip:   0.05 kB
dist/index.html                           1.62 kB │ gzip:   0.62 kB
dist/assets/surfZoneWorker-G_lDF9Mz.js  485.30 kB
dist/assets/index-DA8NEfOT.css           33.21 kB │ gzip:   7.32 kB
dist/assets/devStepping-6O96LtMM.js       0.32 kB │ gzip:   0.25 kB
dist/assets/particleBench-gdknG8uL.js    10.70 kB │ gzip:   4.44 kB
dist/assets/waterSheet-DYrtykH-.js       11.68 kB │ gzip:   5.35 kB
dist/assets/jevRecorder-B26izUS4.js      15.91 kB │ gzip:   6.65 kB
dist/assets/rideRecorder-qJMOCdgm.js     41.10 kB │ gzip:  13.40 kB
dist/assets/index-BCKBURUE.js           582.39 kB │ gzip: 160.74 kB
dist/assets/WorkerSurfZone-9TYlqQYv.js  905.67 kB │ gzip: 281.45 kB

✓ built in 914ms
[plugin builtin:vite-reporter] 
(!) Some chunks are larger than 500 kB after minification. Consider:
- Using dynamic import() to code-split the application
- Use build.rolldownOptions.output.codeSplitting to improve chunking: https://rolldown.rs/reference/OutputOptions.codeSplitting
- Adjust chunk size limit for this warning via build.chunkSizeWarningLimit.
